{"logTime": "0810/193635", "correlationVector":"mO4l9pe3UsZY7hVLU4QvGZ.1","action":"SyncServerConnectionManagerRequest", "result":"SYNC_SERVER_OK", "context":{"environment":"Prod_southindia_prod-s01-004-apac-southindia", "migrationStage":"NotStarted", "server":"akswtt10700000u"}}
{"logTime": "0810/193635", "correlationVector":"mO4l9pe3UsZY7hVLU4QvGZ.2","action":"ProcessGetUpdates", "result":"Done", "context":{"dataType":"Encryption Keys", "deleted":"0", "process_failed_to_decrypt":"0", "process_pending_decryption":"0", "process_success":"1", "total":"1"}}
{"logTime": "0810/193636", "correlationVector":"uT2euzCCtKoRKJp7Vad+Dn","action":"SyncServerConnectionManagerRequest", "result":"SYNC_SERVER_OK", "context":{"environment":"", "migrationStage":"", "server":""}}
{"logTime": "0810/193636", "correlationVector":"uT2euzCCtKoRKJp7Vad+Dn.0","action":"EncryptionKeysFetcher.DownloadKeys:", "result":"Success", "context":Key count: 2, Last key timestamp: 2026-07-29T14:11:01Z}
{"logTime": "0810/193636", "correlationVector":"uT2euzCCtKoRKJp7Vad+Dn.1","action":"EncryptionKeysManager::SetEncryptionKeys:", "result":"Success", "context":Key names[2]:[rxSEKJW7vea1ZN2wNb8jtClGs1+2FseUJOlEFk9zGTdKWiNXx0q9XrerMYQL2Rn3A3k8sJs/I+5C+k1GtXoKeg==][8aLy8WJFsMBJjyAe2Tp5RDubJOWidqvPf1Vl933vTQBKCqF2ewIy5Cp+zOeoxApGs3ZqBY0/ovbtajUFYbuNKw==]}
{"logTime": "0810/193636", "correlationVector":"uT2euzCCtKoRKJp7Vad+Dn.2","action":"EncryptionKeysManager::SetEncryptionKeysWithTimestamps:", "result":"Success", "context":Key timestamps[2]:[2026-01-28T11:44:01Z][2026-07-29T14:11:01Z]}
{"logTime": "0810/193636", "correlationVector":"mO4l9pe3UsZY7hVLU4QvGZ","action":"Initial GetUpdates", "result":"", "context":Reason: NEW_CLIENT. cV=mO4l9pe3UsZY7hVLU4QvGZ}
{"logTime": "0810/193636", "correlationVector":"mO4l9pe3UsZY7hVLU4QvGZ.3","action":"GetUpdates Response", "result":"Success", "context":Received 1 update(s). cV=mO4l9pe3UsZY7hVLU4QvGZ.0;server=akswtt10700000u;cloudType=Consumer;environment=Prod_southindia_prod-s01-004-apac-southindia;migrationStage=NotStarted}
{"logTime": "0810/193636", "correlationVector":"BDjZ9kW3RqT5jNwqHNGxY/","action":"Initial GetUpdates", "result":"", "context":Reason: NEWLY_SUPPORTED_DATATYPE. cV=BDjZ9kW3RqT5jNwqHNGxY/}
{"logTime": "0810/193638", "correlationVector":"BDjZ9kW3RqT5jNwqHNGxY/.1","action":"SyncServerConnectionManagerRequest", "result":"SYNC_SERVER_OK", "context":{"environment":"Prod_southindia_prod-s01-004-apac-southindia", "migrationStage":"NotStarted", "server":"akswtt10700001a"}}
{"logTime": "0810/193638", "correlationVector":"BDjZ9kW3RqT5jNwqHNGxY/.2","action":"ProcessGetUpdates", "result":"Done", "context":{"dataType":"Passwords", "deleted":"0", "process_failed_to_decrypt":"0", "process_pending_decryption":"0", "process_success":"13", "total":"13"}}
{"logTime": "0810/193638", "correlationVector":"BDjZ9kW3RqT5jNwqHNGxY/.3","action":"ProcessGetUpdates", "result":"Done", "context":{"dataType":"Device Info", "deleted":"0", "process_failed_to_decrypt":"0", "process_pending_decryption":"0", "process_success":"32", "total":"32"}}
{"logTime": "0810/193638", "correlationVector":"BDjZ9kW3RqT5jNwqHNGxY/.4","action":"GetUpdates Response", "result":"Success", "context":Received 45 update(s). cV=BDjZ9kW3RqT5jNwqHNGxY/.0;server=akswtt10700001a;cloudType=Consumer;environment=Prod_southindia_prod-s01-004-apac-southindia;migrationStage=NotStarted}
{"logTime": "0810/193638", "correlationVector":"ur/IhBMELvGqPrsDZkk1bz","action":"Initial GetUpdates", "result":"", "context":Reason: NEWLY_SUPPORTED_DATATYPE. cV=ur/IhBMELvGqPrsDZkk1bz}
{"logTime": "0810/193642", "correlationVector":"ur/IhBMELvGqPrsDZkk1bz.1","action":"SyncServerConnectionManagerRequest", "result":"SYNC_SERVER_OK", "context":{"environment":"Prod_southindia_prod-s01-004-apac-southindia", "migrationStage":"NotStarted", "server":"akswtt107000005"}}
{"logTime": "0810/193642", "correlationVector":"ur/IhBMELvGqPrsDZkk1bz.2","action":"ProcessGetUpdates", "result":"Done", "context":{"dataType":"Bookmarks", "deleted":"5", "process_failed_to_decrypt":"0", "process_pending_decryption":"0", "process_success":"18", "total":"18"}}
{"logTime": "0810/193642", "correlationVector":"ur/IhBMELvGqPrsDZkk1bz.3","action":"ProcessGetUpdates", "result":"Done", "context":{"dataType":"Preferences", "deleted":"0", "process_failed_to_decrypt":"0", "process_pending_decryption":"0", "process_success":"54", "total":"54"}}
{"logTime": "0810/193642", "correlationVector":"ur/IhBMELvGqPrsDZkk1bz.4","action":"ProcessGetUpdates", "result":"Done", "context":{"dataType":"Autofill", "deleted":"0", "process_failed_to_decrypt":"0", "process_pending_decryption":"0", "process_success":"1", "total":"1"}}
{"logTime": "0810/193642", "correlationVector":"ur/IhBMELvGqPrsDZkk1bz.5","action":"ProcessGetUpdates", "result":"Done", "context":{"dataType":"Extensions", "deleted":"0", "process_failed_to_decrypt":"0", "process_pending_decryption":"0", "process_success":"2", "total":"2"}}
{"logTime": "0810/193642", "correlationVector":"ur/IhBMELvGqPrsDZkk1bz.6","action":"ProcessGetUpdates", "result":"Done", "context":{"dataType":"Sessions", "deleted":"163", "process_failed_to_decrypt":"0", "process_pending_decryption":"0", "process_success":"163", "total":"163"}}
{"logTime": "0810/193642", "correlationVector":"ur/IhBMELvGqPrsDZkk1bz.7","action":"ProcessGetUpdates", "result":"Done", "context":{"dataType":"Web Apps", "deleted":"0", "process_failed_to_decrypt":"0", "process_pending_decryption":"0", "process_success":"3", "total":"3"}}
{"logTime": "0810/193642", "correlationVector":"ur/IhBMELvGqPrsDZkk1bz.8","action":"ProcessGetUpdates", "result":"Done", "context":{"dataType":"Saved Tab Group", "deleted":"3", "process_failed_to_decrypt":"0", "process_pending_decryption":"0", "process_success":"3", "total":"3"}}
{"logTime": "0810/193642", "correlationVector":"ur/IhBMELvGqPrsDZkk1bz.9","action":"ProcessGetUpdates", "result":"Done", "context":{"dataType":"WebAuthn Credentials", "deleted":"0", "process_failed_to_decrypt":"0", "process_pending_decryption":"0", "process_success":"2", "total":"2"}}
{"logTime": "0810/193642", "correlationVector":"ur/IhBMELvGqPrsDZkk1bz.10","action":"ProcessGetUpdates", "result":"Done", "context":{"dataType":"Edge Hub App Usage", "deleted":"4", "process_failed_to_decrypt":"0", "process_pending_decryption":"0", "process_success":"4", "total":"4"}}
{"logTime": "0810/193642", "correlationVector":"ur/IhBMELvGqPrsDZkk1bz.11","action":"GetUpdates Response", "result":"Success", "context":Received 250 update(s). cV=ur/IhBMELvGqPrsDZkk1bz.0;server=akswtt107000005;cloudType=Consumer;environment=Prod_southindia_prod-s01-004-apac-southindia;migrationStage=NotStarted Some updates remain.}
{"logTime": "0810/193642", "correlationVector":"uD1WDFA5HSWgpfhAL9itfH","action":"Initial GetUpdates", "result":"", "context":Reason: NEWLY_SUPPORTED_DATATYPE. cV=uD1WDFA5HSWgpfhAL9itfH}
{"logTime": "0810/193646", "correlationVector":"uD1WDFA5HSWgpfhAL9itfH.1","action":"SyncServerConnectionManagerRequest", "result":"SYNC_SERVER_OK", "context":{"environment":"Prod_southindia_prod-s01-004-apac-southindia", "migrationStage":"NotStarted", "server":"akswtt107000019"}}
{"logTime": "0810/193646", "correlationVector":"uD1WDFA5HSWgpfhAL9itfH.2","action":"ProcessGetUpdates", "result":"Done", "context":{"dataType":"Bookmarks", "deleted":"0", "process_failed_to_decrypt":"0", "process_pending_decryption":"0", "process_success":"1", "total":"1"}}
{"logTime": "0810/193646", "correlationVector":"uD1WDFA5HSWgpfhAL9itfH.3","action":"ProcessGetUpdates", "result":"Done", "context":{"dataType":"Preferences", "deleted":"0", "process_failed_to_decrypt":"0", "process_pending_decryption":"0", "process_success":"11", "total":"11"}}
{"logTime": "0810/193646", "correlationVector":"uD1WDFA5HSWgpfhAL9itfH.4","action":"ProcessGetUpdates", "result":"Done", "context":{"dataType":"Extensions", "deleted":"0", "process_failed_to_decrypt":"0", "process_pending_decryption":"0", "process_success":"1", "total":"1"}}
{"logTime": "0810/193646", "correlationVector":"uD1WDFA5HSWgpfhAL9itfH.5","action":"ProcessGetUpdates", "result":"Done", "context":{"dataType":"Sessions", "deleted":"230", "process_failed_to_decrypt":"0", "process_pending_decryption":"0", "process_success":"230", "total":"230"}}
{"logTime": "0810/193646", "correlationVector":"uD1WDFA5HSWgpfhAL9itfH.6","action":"ProcessGetUpdates", "result":"Done", "context":{"dataType":"Edge Hub App Usage", "deleted":"5", "process_failed_to_decrypt":"0", "process_pending_decryption":"0", "process_success":"7", "total":"7"}}
{"logTime": "0810/193646", "correlationVector":"uD1WDFA5HSWgpfhAL9itfH.7","action":"GetUpdates Response", "result":"Success", "context":Received 250 update(s). cV=uD1WDFA5HSWgpfhAL9itfH.0;server=akswtt107000019;cloudType=Consumer;environment=Prod_southindia_prod-s01-004-apac-southindia;migrationStage=NotStarted Some updates remain.}
{"logTime": "0810/193646", "correlationVector":"EelV8Z9Syej6yTQ0+qYY/9","action":"Initial GetUpdates", "result":"", "context":Reason: NEWLY_SUPPORTED_DATATYPE. cV=EelV8Z9Syej6yTQ0+qYY/9}
{"logTime": "0810/193650", "correlationVector":"EelV8Z9Syej6yTQ0+qYY/9.1","action":"SyncServerConnectionManagerRequest", "result":"SYNC_SERVER_OK", "context":{"environment":"Prod_southindia_prod-s01-004-apac-southindia", "migrationStage":"NotStarted", "server":"akswtt107000016"}}
{"logTime": "0810/193650", "correlationVector":"EelV8Z9Syej6yTQ0+qYY/9.2","action":"ProcessGetUpdates", "result":"Done", "context":{"dataType":"Bookmarks", "deleted":"0", "process_failed_to_decrypt":"0", "process_pending_decryption":"0", "process_success":"1", "total":"1"}}
{"logTime": "0810/193650", "correlationVector":"EelV8Z9Syej6yTQ0+qYY/9.3","action":"ProcessGetUpdates", "result":"Done", "context":{"dataType":"Autofill Profiles", "deleted":"0", "process_failed_to_decrypt":"0", "process_pending_decryption":"0", "process_success":"6", "total":"6"}}
{"logTime": "0810/193650", "correlationVector":"EelV8Z9Syej6yTQ0+qYY/9.4","action":"ProcessGetUpdates", "result":"Done", "context":{"dataType":"Autofill", "deleted":"0", "process_failed_to_decrypt":"0", "process_pending_decryption":"0", "process_success":"53", "total":"53"}}
{"logTime": "0810/193650", "correlationVector":"EelV8Z9Syej6yTQ0+qYY/9.5","action":"ProcessGetUpdates", "result":"Done", "context":{"dataType":"Sessions", "deleted":"190", "process_failed_to_decrypt":"0", "process_pending_decryption":"0", "process_success":"190", "total":"190"}}
{"logTime": "0810/193650", "correlationVector":"EelV8Z9Syej6yTQ0+qYY/9.6","action":"GetUpdates Response", "result":"Success", "context":Received 250 update(s). cV=EelV8Z9Syej6yTQ0+qYY/9.0;server=akswtt107000016;cloudType=Consumer;environment=Prod_southindia_prod-s01-004-apac-southindia;migrationStage=NotStarted Some updates remain.}
{"logTime": "0810/193650", "correlationVector":"XpTctCENr6lCiZicVX2iRs","action":"Initial GetUpdates", "result":"", "context":Reason: NEWLY_SUPPORTED_DATATYPE. cV=XpTctCENr6lCiZicVX2iRs}
{"logTime": "0810/193654", "correlationVector":"XpTctCENr6lCiZicVX2iRs.1","action":"SyncServerConnectionManagerRequest", "result":"SYNC_SERVER_OK", "context":{"environment":"Prod_southindia_prod-s01-004-apac-southindia", "migrationStage":"NotStarted", "server":"akswtt107000017"}}
{"logTime": "0810/193654", "correlationVector":"XpTctCENr6lCiZicVX2iRs.2","action":"ProcessGetUpdates", "result":"Done", "context":{"dataType":"Preferences", "deleted":"0", "process_failed_to_decrypt":"0", "process_pending_decryption":"0", "process_success":"5", "total":"5"}}
{"logTime": "0810/193654", "correlationVector":"XpTctCENr6lCiZicVX2iRs.3","action":"ProcessGetUpdates", "result":"Done", "context":{"dataType":"Autofill", "deleted":"0", "process_failed_to_decrypt":"0", "process_pending_decryption":"0", "process_success":"69", "total":"69"}}
{"logTime": "0810/193654", "correlationVector":"XpTctCENr6lCiZicVX2iRs.4","action":"ProcessGetUpdates", "result":"Done", "context":{"dataType":"Extensions", "deleted":"0", "process_failed_to_decrypt":"0", "process_pending_decryption":"0", "process_success":"1", "total":"1"}}
{"logTime": "0810/193654", "correlationVector":"XpTctCENr6lCiZicVX2iRs.5","action":"ProcessGetUpdates", "result":"Done", "context":{"dataType":"Sessions", "deleted":"150", "process_failed_to_decrypt":"0", "process_pending_decryption":"0", "process_success":"173", "total":"173"}}
{"logTime": "0810/193654", "correlationVector":"XpTctCENr6lCiZicVX2iRs.6","action":"ProcessGetUpdates", "result":"Done", "context":{"dataType":"Edge Hub App Usage", "deleted":"1", "process_failed_to_decrypt":"0", "process_pending_decryption":"0", "process_success":"2", "total":"2"}}
{"logTime": "0810/193654", "correlationVector":"XpTctCENr6lCiZicVX2iRs.7","action":"GetUpdates Response", "result":"Success", "context":Received 250 update(s). cV=XpTctCENr6lCiZicVX2iRs.0;server=akswtt107000017;cloudType=Consumer;environment=Prod_southindia_prod-s01-004-apac-southindia;migrationStage=NotStarted Some updates remain.}
{"logTime": "0810/193654", "correlationVector":"S5vkS1ePKnRUbjkQdZFV3R","action":"Initial GetUpdates", "result":"", "context":Reason: NEWLY_SUPPORTED_DATATYPE. cV=S5vkS1ePKnRUbjkQdZFV3R}
{"logTime": "0810/193656", "correlationVector":"S5vkS1ePKnRUbjkQdZFV3R.1","action":"SyncServerConnectionManagerRequest", "result":"SYNC_SERVER_OK", "context":{"environment":"Prod_southindia_prod-s01-004-apac-southindia", "migrationStage":"NotStarted", "server":"akswtt107000019"}}
{"logTime": "0810/193656", "correlationVector":"S5vkS1ePKnRUbjkQdZFV3R.2","action":"ProcessGetUpdates", "result":"Done", "context":{"dataType":"Preferences", "deleted":"0", "process_failed_to_decrypt":"0", "process_pending_decryption":"0", "process_success":"1", "total":"1"}}
{"logTime": "0810/193656", "correlationVector":"S5vkS1ePKnRUbjkQdZFV3R.3","action":"ProcessGetUpdates", "result":"Done", "context":{"dataType":"Sessions", "deleted":"5", "process_failed_to_decrypt":"0", "process_pending_decryption":"0", "process_success":"27", "total":"27"}}
{"logTime": "0810/193656", "correlationVector":"S5vkS1ePKnRUbjkQdZFV3R.4","action":"GetUpdates Response", "result":"Success", "context":Received 28 update(s). cV=S5vkS1ePKnRUbjkQdZFV3R.0;server=akswtt107000019;cloudType=Consumer;environment=Prod_southindia_prod-s01-004-apac-southindia;migrationStage=NotStarted}
{"logTime": "0810/193656", "correlationVector":"XH6GG4KKYxM+1aDq1MLRD9","action":"Initial GetUpdates", "result":"", "context":Reason: NEWLY_SUPPORTED_DATATYPE. cV=XH6GG4KKYxM+1aDq1MLRD9}
{"logTime": "0810/193701", "correlationVector":"XH6GG4KKYxM+1aDq1MLRD9.1","action":"SyncServerConnectionManagerRequest", "result":"SYNC_SERVER_OK", "context":{"environment":"Prod_southindia_prod-s01-004-apac-southindia", "migrationStage":"NotStarted", "server":"akswtt10700000o"}}
{"logTime": "0810/193701", "correlationVector":"XH6GG4KKYxM+1aDq1MLRD9.2","action":"ProcessGetUpdates", "result":"Done", "context":{"dataType":"History", "deleted":"0", "process_failed_to_decrypt":"0", "process_pending_decryption":"0", "process_success":"250", "total":"250"}}
{"logTime": "0810/193701", "correlationVector":"XH6GG4KKYxM+1aDq1MLRD9.3","action":"GetUpdates Response", "result":"Success", "context":Received 250 update(s). cV=XH6GG4KKYxM+1aDq1MLRD9.0;server=akswtt10700000o;cloudType=Consumer;environment=Prod_southindia_prod-s01-004-apac-southindia;migrationStage=NotStarted Some updates remain.}
{"logTime": "0810/193701", "correlationVector":"8XLjV8p0d97TPOtE7VnYqf","action":"Initial GetUpdates", "result":"", "context":Reason: NEWLY_SUPPORTED_DATATYPE. cV=8XLjV8p0d97TPOtE7VnYqf}
{"logTime": "0810/193704", "correlationVector":"8XLjV8p0d97TPOtE7VnYqf","action":"SyncServerConnectionManagerRequest", "result":"CONNECTION_UNAVAILABLE", "context":{"error_type":"net_error_code", "error_value":"-3"}}
